Copyright 1986-2022 Xilinx, Inc. All Rights Reserved. Copyright 2022-2024 Advanced Micro Devices, Inc. All Rights Reserved.
--------------------------------------------------------------------------------------------------------------------------------------------------------
| Tool Version      : Vivado v.2024.2 (lin64) Build 5239630 Fri Nov 08 22:34:34 MST 2024
| Date              : Tue Jun 10 19:23:16 2025
| Host              : bryan-OMEN-by-HP-Gaming-Laptop-16-k0xxx running 64-bit Ubuntu 22.04.4 LTS
| Command           : report_bus_skew -warn_on_violation -file AskMod_bus_skew_routed.rpt -pb AskMod_bus_skew_routed.pb -rpx AskMod_bus_skew_routed.rpx
| Design            : AskMod
| Device            : xczu3eg-sfvc784
| Speed File        : -1  PRODUCTION 1.30 05-15-2022
| Design State      : Routed
| Temperature Grade : I
--------------------------------------------------------------------------------------------------------------------------------------------------------

Bus Skew Report

No bus skew constraints

